Nothing to build in platform 'system_wrapper'

15:01:57 **** Incremental Build of configuration Debug for project HSC ****
make all 
make --no-print-directory pre-build
a9-linaro-pre-build-step
' '
make --no-print-directory main-build
'Building file: ../src/AXI_DMA.c'
'Invoking: ARM v7 gcc compiler'
arm-none-eabi-gcc -Wall -O0 -g3 -c -fmessage-length=0 -MT"src/AXI_DMA.o" -mcpu=cortex-a9 -mfpu=vfpv3 -mfloat-abi=hard -ID:/ASUS-PC/Desktop/temporary/HSC/vitis/system_wrapper/export/system_wrapper/sw/system_wrapper/freertos10_xilinx_ps7_cortexa9_0/bspinclude/include -MMD -MP -MF"src/AXI_DMA.d" -MT"src/AXI_DMA.o" -o "src/AXI_DMA.o" "../src/AXI_DMA.c"
'Finished building: ../src/AXI_DMA.c'
' '
'Building target: HSC.elf'
'Invoking: ARM v7 gcc linker'
arm-none-eabi-gcc -mcpu=cortex-a9 -mfpu=vfpv3 -mfloat-abi=hard -Wl,-build-id=none -specs=Xilinx.spec -Wl,-T -Wl,../src/lscript.ld -LD:/ASUS-PC/Desktop/temporary/HSC/vitis/system_wrapper/export/system_wrapper/sw/system_wrapper/freertos10_xilinx_ps7_cortexa9_0/bsplib/lib -o "HSC.elf"  ./src/AXI_DMA.o ./src/freertos_tcp_perf_server.o ./src/iic_phyreset.o ./src/main.o   -Wl,--start-group,-lxil,-lfreertos,-lgcc,-lc,--end-group -Wl,--start-group,-lxil,-llwip4,-lgcc,-lc,--end-group
'Finished building target: HSC.elf'
' '
'Invoking: ARM v7 Print Size'
arm-none-eabi-size HSC.elf  |tee "HSC.elf.size"
   text	   data	    bss	    dec	    hex	filename
 197590	   3484	302127168	302328242	120529b2	HSC.elf
'Finished building: HSC.elf.size'
' '
