#-----------------------------------------------------------
# Vivado v2021.1.1 (64-bit)
# SW Build 3286242 on Wed Jul 28 13:10:47 MDT 2021
# IP Build 3279568 on Wed Jul 28 16:48:48 MDT 2021
# Start of session at: Tue Feb 10 11:42:39 2026
# Process ID: 32256
# Current directory: D:/ASUS-PC/Desktop/temporary/A_Radar
# Command line: vivado.exe -gui_launcher_event rodinguilauncherevent35688 D:\ASUS-PC\Desktop\temporary\A_Radar\A_Radar.xpr
# Log file: D:/ASUS-PC/Desktop/temporary/A_Radar/vivado.log
# Journal file: D:/ASUS-PC/Desktop/temporary/A_Radar\vivado.jou
#-----------------------------------------------------------
start_gui
open_project D:/ASUS-PC/Desktop/temporary/A_Radar/A_Radar.xpr
update_compile_order -fileset sources_1
export_ip_user_files -of_objects  [get_files D:/ASUS-PC/Desktop/temporary/HSC/HSC/ip_repo/ps_pl_axi4_1.0/drivers/ps_pl_axi4_v1_0/src/ps_pl_axi4.h] -no_script -reset -force -quiet
export_ip_user_files -of_objects  [get_files D:/ASUS-PC/Desktop/temporary/A_Rader/ip_repo/new/AD_DATA_FIFO_ASYNC.vhd] -no_script -reset -force -quiet
export_ip_user_files -of_objects  [get_files D:/ASUS-PC/Desktop/temporary/A_Rader/ip_repo/new/TOP.vhd] -no_script -reset -force -quiet
export_ip_user_files -of_objects  [get_files D:/ASUS-PC/Desktop/temporary/A_Rader/ip_repo/new/ad_ctrl.vhd] -no_script -reset -force -quiet
export_ip_user_files -of_objects  [get_files D:/ASUS-PC/Desktop/temporary/A_Rader/ip_repo/new/ad_in_clk.vhd] -no_script -reset -force -quiet
export_ip_user_files -of_objects  [get_files D:/ASUS-PC/Desktop/temporary/A_Rader/ip_repo/new/ad_out_clk.vhd] -no_script -reset -force -quiet
export_ip_user_files -of_objects  [get_files D:/ASUS-PC/Desktop/temporary/A_Rader/ip_repo/new/ads62p45.vhd] -no_script -reset -force -quiet
export_ip_user_files -of_objects  [get_files D:/ASUS-PC/Desktop/temporary/A_Rader/ip_repo/new/para_check.vhd] -no_script -reset -force -quiet
export_ip_user_files -of_objects  [get_files D:/ASUS-PC/Desktop/temporary/A_Rader/ip_repo/new/rx_data_fifo_async.vhd] -no_script -reset -force -quiet
export_ip_user_files -of_objects  [get_files D:/ASUS-PC/Desktop/temporary/A_Rader/ip_repo/new/trans_data.vhd] -no_script -reset -force -quiet
remove_files  {D:/ASUS-PC/Desktop/temporary/HSC/HSC/ip_repo/ps_pl_axi4_1.0/drivers/ps_pl_axi4_v1_0/src/ps_pl_axi4.h D:/ASUS-PC/Desktop/temporary/A_Rader/ip_repo/new/AD_DATA_FIFO_ASYNC.vhd D:/ASUS-PC/Desktop/temporary/A_Rader/ip_repo/new/TOP.vhd D:/ASUS-PC/Desktop/temporary/A_Rader/ip_repo/new/ad_ctrl.vhd D:/ASUS-PC/Desktop/temporary/A_Rader/ip_repo/new/ad_in_clk.vhd D:/ASUS-PC/Desktop/temporary/A_Rader/ip_repo/new/ad_out_clk.vhd D:/ASUS-PC/Desktop/temporary/A_Rader/ip_repo/new/ads62p45.vhd D:/ASUS-PC/Desktop/temporary/A_Rader/ip_repo/new/para_check.vhd D:/ASUS-PC/Desktop/temporary/A_Rader/ip_repo/new/rx_data_fifo_async.vhd D:/ASUS-PC/Desktop/temporary/A_Rader/ip_repo/new/trans_data.vhd}
open_bd_design {D:/ASUS-PC/Desktop/temporary/A_Radar/A_Radar.srcs/sources_1/bd/system/system.bd}
update_ip_catalog -rebuild
set_property  ip_repo_paths  {d:/ASUS-PC/Desktop/temporary/HSC/HSC/ip_repo/ps_pl_axi4_1.0 D:/ASUS-PC/Desktop/temporary/A_Radar/ip_repo/ps_pl_axi4_1.0} [current_project]
update_ip_catalog
set_property  ip_repo_paths  d:/ASUS-PC/Desktop/temporary/A_Radar/ip_repo/ps_pl_axi4_1.0 [current_project]
update_ip_catalog
add_files {D:/ASUS-PC/Desktop/temporary/A_Radar/ip_repo/new/ad_ctrl.vhd D:/ASUS-PC/Desktop/temporary/A_Radar/ip_repo/new/AD_DATA_FIFO_ASYNC.vhd D:/ASUS-PC/Desktop/temporary/A_Radar/ip_repo/new/ad_in_clk.vhd D:/ASUS-PC/Desktop/temporary/A_Radar/ip_repo/new/ad_out_clk.vhd D:/ASUS-PC/Desktop/temporary/A_Radar/ip_repo/new/trans_data.vhd D:/ASUS-PC/Desktop/temporary/A_Radar/ip_repo/new/TOP.vhd D:/ASUS-PC/Desktop/temporary/A_Radar/ip_repo/new/ads62p45.vhd D:/ASUS-PC/Desktop/temporary/A_Radar/ip_repo/new/para_check.vhd D:/ASUS-PC/Desktop/temporary/A_Radar/ip_repo/new/rx_data_fifo_async.vhd}
update_compile_order -fileset sources_1
generate_target all [get_files  D:/ASUS-PC/Desktop/temporary/A_Radar/A_Radar.srcs/sources_1/bd/system/system.bd]
export_ip_user_files -of_objects [get_files D:/ASUS-PC/Desktop/temporary/A_Radar/A_Radar.srcs/sources_1/bd/system/system.bd] -no_script -sync -force -quiet
create_ip_run [get_files -of_objects [get_fileset sources_1] D:/ASUS-PC/Desktop/temporary/A_Radar/A_Radar.srcs/sources_1/bd/system/system.bd]
export_simulation -of_objects [get_files D:/ASUS-PC/Desktop/temporary/A_Radar/A_Radar.srcs/sources_1/bd/system/system.bd] -directory D:/ASUS-PC/Desktop/temporary/A_Radar/A_Radar.ip_user_files/sim_scripts -ip_user_files_dir D:/ASUS-PC/Desktop/temporary/A_Radar/A_Radar.ip_user_files -ipstatic_source_dir D:/ASUS-PC/Desktop/temporary/A_Radar/A_Radar.ip_user_files/ipstatic -lib_map_path [list {modelsim=D:/ASUS-PC/Desktop/temporary/A_Radar/A_Radar.cache/compile_simlib/modelsim} {questa=D:/ASUS-PC/Desktop/temporary/A_Radar/A_Radar.cache/compile_simlib/questa} {riviera=D:/ASUS-PC/Desktop/temporary/A_Radar/A_Radar.cache/compile_simlib/riviera} {activehdl=D:/ASUS-PC/Desktop/temporary/A_Radar/A_Radar.cache/compile_simlib/activehdl}] -use_ip_compiled_libs -force -quiet
make_wrapper -files [get_files D:/ASUS-PC/Desktop/temporary/A_Radar/A_Radar.srcs/sources_1/bd/system/system.bd] -top
make_wrapper -files [get_files D:/ASUS-PC/Desktop/temporary/A_Radar/A_Radar.srcs/sources_1/bd/system/system.bd] -top
reset_run synth_1
launch_runs impl_1 -to_step write_bitstream -jobs 28
wait_on_run impl_1
write_hw_platform -fixed -include_bit -force -file D:/ASUS-PC/Desktop/temporary/A_Radar/vitis/system_wrapper.xsa
