15:09:25 **** Build of configuration Debug for project lwip_tcp_server_perf ****
make all 
make --no-print-directory pre-build
a9-linaro-pre-build-step
' '
make --no-print-directory main-build
'Building file: ../src/i2c_access.c'
'Invoking: ARM v7 gcc compiler'
arm-none-eabi-gcc -Wall -O0 -g3 -c -fmessage-length=0 -MT"src/i2c_access.o" -mcpu=cortex-a9 -mfpu=vfpv3 -mfloat-abi=hard -ID:/ASUS-PC/Desktop/temporary/37_lwip_tcp_server_perf/vitis/system_wrapper/export/system_wrapper/sw/system_wrapper/standalone_ps7_cortexa9_0/bspinclude/include -MMD -MP -MF"src/i2c_access.d" -MT"src/i2c_access.o" -o "src/i2c_access.o" "../src/i2c_access.c"
'Finished building: ../src/i2c_access.c'
' '
'Building file: ../src/iic_phyreset.c'
'Invoking: ARM v7 gcc compiler'
arm-none-eabi-gcc -Wall -O0 -g3 -c -fmessage-length=0 -MT"src/iic_phyreset.o" -mcpu=cortex-a9 -mfpu=vfpv3 -mfloat-abi=hard -ID:/ASUS-PC/Desktop/temporary/37_lwip_tcp_server_perf/vitis/system_wrapper/export/system_wrapper/sw/system_wrapper/standalone_ps7_cortexa9_0/bspinclude/include -MMD -MP -MF"src/iic_phyreset.d" -MT"src/iic_phyreset.o" -o "src/iic_phyreset.o" "../src/iic_phyreset.c"
'Finished building: ../src/iic_phyreset.c'
' '
'Building file: ../src/main.c'
'Invoking: ARM v7 gcc compiler'
arm-none-eabi-gcc -Wall -O0 -g3 -c -fmessage-length=0 -MT"src/main.o" -mcpu=cortex-a9 -mfpu=vfpv3 -mfloat-abi=hard -ID:/ASUS-PC/Desktop/temporary/37_lwip_tcp_server_perf/vitis/system_wrapper/export/system_wrapper/sw/system_wrapper/standalone_ps7_cortexa9_0/bspinclude/include -MMD -MP -MF"src/main.d" -MT"src/main.o" -o "src/main.o" "../src/main.c"
'Finished building: ../src/main.c'
' '
'Building file: ../src/platform.c'
'Invoking: ARM v7 gcc compiler'
arm-none-eabi-gcc -Wall -O0 -g3 -c -fmessage-length=0 -MT"src/platform.o" -mcpu=cortex-a9 -mfpu=vfpv3 -mfloat-abi=hard -ID:/ASUS-PC/Desktop/temporary/37_lwip_tcp_server_perf/vitis/system_wrapper/export/system_wrapper/sw/system_wrapper/standalone_ps7_cortexa9_0/bspinclude/include -MMD -MP -MF"src/platform.d" -MT"src/platform.o" -o "src/platform.o" "../src/platform.c"
'Finished building: ../src/platform.c'
' '
'Building file: ../src/platform_mb.c'
'Invoking: ARM v7 gcc compiler'
arm-none-eabi-gcc -Wall -O0 -g3 -c -fmessage-length=0 -MT"src/platform_mb.o" -mcpu=cortex-a9 -mfpu=vfpv3 -mfloat-abi=hard -ID:/ASUS-PC/Desktop/temporary/37_lwip_tcp_server_perf/vitis/system_wrapper/export/system_wrapper/sw/system_wrapper/standalone_ps7_cortexa9_0/bspinclude/include -MMD -MP -MF"src/platform_mb.d" -MT"src/platform_mb.o" -o "src/platform_mb.o" "../src/platform_mb.c"
'Finished building: ../src/platform_mb.c'
' '
'Building file: ../src/platform_zynq.c'
'Invoking: ARM v7 gcc compiler'
arm-none-eabi-gcc -Wall -O0 -g3 -c -fmessage-length=0 -MT"src/platform_zynq.o" -mcpu=cortex-a9 -mfpu=vfpv3 -mfloat-abi=hard -ID:/ASUS-PC/Desktop/temporary/37_lwip_tcp_server_perf/vitis/system_wrapper/export/system_wrapper/sw/system_wrapper/standalone_ps7_cortexa9_0/bspinclude/include -MMD -MP -MF"src/platform_zynq.d" -MT"src/platform_zynq.o" -o "src/platform_zynq.o" "../src/platform_zynq.c"
In file included from ../src/platform_zynq.c:60:
D:/ASUS-PC/Desktop/temporary/37_lwip_tcp_server_perf/vitis/system_wrapper/export/system_wrapper/sw/system_wrapper/standalone_ps7_cortexa9_0/bspinclude/include/xtime_l.h:65:9: note: '#pragma message: For the sleep routines, Global timer is being used'
   65 | #pragma message ("For the sleep routines, Global timer is being used")
      |         ^~~~~~~
'Finished building: ../src/platform_zynq.c'
' '
'Building file: ../src/platform_zynqmp.c'
'Invoking: ARM v7 gcc compiler'
arm-none-eabi-gcc -Wall -O0 -g3 -c -fmessage-length=0 -MT"src/platform_zynqmp.o" -mcpu=cortex-a9 -mfpu=vfpv3 -mfloat-abi=hard -ID:/ASUS-PC/Desktop/temporary/37_lwip_tcp_server_perf/vitis/system_wrapper/export/system_wrapper/sw/system_wrapper/standalone_ps7_cortexa9_0/bspinclude/include -MMD -MP -MF"src/platform_zynqmp.d" -MT"src/platform_zynqmp.o" -o "src/platform_zynqmp.o" "../src/platform_zynqmp.c"
'Finished building: ../src/platform_zynqmp.c'
' '
'Building file: ../src/sfp.c'
'Invoking: ARM v7 gcc compiler'
arm-none-eabi-gcc -Wall -O0 -g3 -c -fmessage-length=0 -MT"src/sfp.o" -mcpu=cortex-a9 -mfpu=vfpv3 -mfloat-abi=hard -ID:/ASUS-PC/Desktop/temporary/37_lwip_tcp_server_perf/vitis/system_wrapper/export/system_wrapper/sw/system_wrapper/standalone_ps7_cortexa9_0/bspinclude/include -MMD -MP -MF"src/sfp.d" -MT"src/sfp.o" -o "src/sfp.o" "../src/sfp.c"
'Finished building: ../src/sfp.c'
' '
'Building file: ../src/si5324.c'
'Invoking: ARM v7 gcc compiler'
arm-none-eabi-gcc -Wall -O0 -g3 -c -fmessage-length=0 -MT"src/si5324.o" -mcpu=cortex-a9 -mfpu=vfpv3 -mfloat-abi=hard -ID:/ASUS-PC/Desktop/temporary/37_lwip_tcp_server_perf/vitis/system_wrapper/export/system_wrapper/sw/system_wrapper/standalone_ps7_cortexa9_0/bspinclude/include -MMD -MP -MF"src/si5324.d" -MT"src/si5324.o" -o "src/si5324.o" "../src/si5324.c"
'Finished building: ../src/si5324.c'
' '
'Building file: ../src/tcp_perf_server.c'
'Invoking: ARM v7 gcc compiler'
arm-none-eabi-gcc -Wall -O0 -g3 -c -fmessage-length=0 -MT"src/tcp_perf_server.o" -mcpu=cortex-a9 -mfpu=vfpv3 -mfloat-abi=hard -ID:/ASUS-PC/Desktop/temporary/37_lwip_tcp_server_perf/vitis/system_wrapper/export/system_wrapper/sw/system_wrapper/standalone_ps7_cortexa9_0/bspinclude/include -MMD -MP -MF"src/tcp_perf_server.d" -MT"src/tcp_perf_server.o" -o "src/tcp_perf_server.o" "../src/tcp_perf_server.c"
'Finished building: ../src/tcp_perf_server.c'
' '
'Building target: lwip_tcp_server_perf.elf'
'Invoking: ARM v7 gcc linker'
arm-none-eabi-gcc -mcpu=cortex-a9 -mfpu=vfpv3 -mfloat-abi=hard -Wl,-build-id=none -specs=Xilinx.spec -Wl,-T -Wl,../src/lscript.ld -LD:/ASUS-PC/Desktop/temporary/37_lwip_tcp_server_perf/vitis/system_wrapper/export/system_wrapper/sw/system_wrapper/standalone_ps7_cortexa9_0/bsplib/lib -o "lwip_tcp_server_perf.elf"  ./src/i2c_access.o ./src/iic_phyreset.o ./src/main.o ./src/platform.o ./src/platform_mb.o ./src/platform_zynq.o ./src/platform_zynqmp.o ./src/sfp.o ./src/si5324.o ./src/tcp_perf_server.o   -Wl,--start-group,-lxil,-lgcc,-lc,--end-group -Wl,--start-group,-lxil,-llwip4,-lgcc,-lc,--end-group
'Finished building target: lwip_tcp_server_perf.elf'
' '
'Invoking: ARM v7 Print Size'
arm-none-eabi-size lwip_tcp_server_perf.elf  |tee "lwip_tcp_server_perf.elf.size"
   text	   data	    bss	    dec	    hex	filename
 137190	   3396	31578160	31718746	1e3fd5a	lwip_tcp_server_perf.elf
'Finished building: lwip_tcp_server_perf.elf.size'
' '

15:09:36 Build Finished (took 11s.394ms)

